This is pdfTeX, Version 3.141592653-2.6-1.40.29 (TeX Live 2026) (preloaded format=pdflatex 2026.9.24)  25 SEP 2026 04:29
entering extended mode
 restricted \write18 enabled.
 %&-line parsing enabled.
**"Problem Set 2 Dylan Ashby.tex"
(./Problem Set 2 Dylan Ashby.tex
LaTeX2e <2025-11-01>
L3 programming layer <2026-03-20>
(/usr/share/texlive/texmf-dist/tex/latex/base/article.cls
Document Class: article 2025/01/22 v1.4n Standard LaTeX document class
(/usr/share/texlive/texmf-dist/tex/latex/base/size10.clo
File: size10.clo 2025/01/22 v1.4n Standard LaTeX file (size option)
)
\c@part=\count275
\c@section=\count276
\c@subsection=\count277
\c@subsubsection=\count278
\c@paragraph=\count279
\c@subparagraph=\count280
\c@figure=\count281
\c@table=\count282
\abovecaptionskip=\skip49
\belowcaptionskip=\skip50
\bibindent=\dimen150
)
(/usr/share/texlive/texmf-dist/tex/latex/base/inputenc.sty
Package: inputenc 2024/02/08 v1.3d Input encoding file
\inpenc@prehook=\toks17
\inpenc@posthook=\toks18
)
(/usr/share/texlive/texmf-dist/tex/latex/amsmath/amsmath.sty
Package: amsmath 2025/07/09 v2.17z AMS math features
\@mathmargin=\skip51

For additional information on amsmath, use the `?' option.
(/usr/share/texlive/texmf-dist/tex/latex/amsmath/amstext.sty
Package: amstext 2024/11/17 v2.01 AMS text

(/usr/share/texlive/texmf-dist/tex/latex/amsmath/amsgen.sty
File: amsgen.sty 1999/11/30 v2.0 generic functions
\@emptytoks=\toks19
\ex@=\dimen151
))
(/usr/share/texlive/texmf-dist/tex/latex/amsmath/amsbsy.sty
Package: amsbsy 1999/11/29 v1.2d Bold Symbols
\pmbraise@=\dimen152
)
(/usr/share/texlive/texmf-dist/tex/latex/amsmath/amsopn.sty
Package: amsopn 2022/04/08 v2.04 operator names
)
\inf@bad=\count283
LaTeX Info: Redefining \frac on input line 233.
\uproot@=\count284
\leftroot@=\count285
LaTeX Info: Redefining \overline on input line 398.
LaTeX Info: Redefining \colon on input line 409.
\classnum@=\count286
\DOTSCASE@=\count287
LaTeX Info: Redefining \ldots on input line 495.
LaTeX Info: Redefining \dots on input line 498.
LaTeX Info: Redefining \cdots on input line 619.
\Mathstrutbox@=\box53
\strutbox@=\box54
LaTeX Info: Redefining \big on input line 721.
LaTeX Info: Redefining \Big on input line 722.
LaTeX Info: Redefining \bigg on input line 723.
LaTeX Info: Redefining \Bigg on input line 724.
\big@size=\dimen153
LaTeX Font Info:    Redeclaring font encoding OML on input line 742.
LaTeX Font Info:    Redeclaring font encoding OMS on input line 743.
\macc@depth=\count288
LaTeX Info: Redefining \bmod on input line 904.
LaTeX Info: Redefining \pmod on input line 909.
LaTeX Info: Redefining \smash on input line 939.
LaTeX Info: Redefining \relbar on input line 969.
LaTeX Info: Redefining \Relbar on input line 970.
\c@MaxMatrixCols=\count289
\dotsspace@=\muskip17
\c@parentequation=\count290
\dspbrk@lvl=\count291
\tag@help=\toks20
\row@=\count292
\column@=\count293
\maxfields@=\count294
\andhelp@=\toks21
\eqnshift@=\dimen154
\alignsep@=\dimen155
\tagshift@=\dimen156
\tagwidth@=\dimen157
\totwidth@=\dimen158
\lineht@=\dimen159
\@envbody=\toks22
\multlinegap=\skip52
\multlinetaggap=\skip53
\mathdisplay@stack=\toks23
LaTeX Info: Redefining \[ on input line 2950.
LaTeX Info: Redefining \] on input line 2951.
)
(/usr/share/texlive/texmf-dist/tex/latex/amsfonts/amssymb.sty
Package: amssymb 2013/01/14 v3.01 AMS font symbols

(/usr/share/texlive/texmf-dist/tex/latex/amsfonts/amsfonts.sty
Package: amsfonts 2013/01/14 v3.01 Basic AMSFonts support
\symAMSa=\mathgroup4
\symAMSb=\mathgroup5
LaTeX Font Info:    Redeclaring math symbol \hbar on input line 98.
LaTeX Font Info:    Overwriting math alphabet `\mathfrak' in version `bold'
(Font)                  U/euf/m/n --> U/euf/b/n on input line 106.
))
(/usr/share/texlive/texmf-dist/tex/latex/amscls/amsthm.sty
Package: amsthm 2020/05/29 v2.20.6
\thm@style=\toks24
\thm@bodyfont=\toks25
\thm@headfont=\toks26
\thm@notefont=\toks27
\thm@headpunct=\toks28
\thm@preskip=\skip54
\thm@postskip=\skip55
\thm@headsep=\skip56
\dth@everypar=\toks29
)
(/usr/share/texlive/texmf-dist/tex/latex/algorithmicx/algorithmicx.sty
Package: algorithmicx 2005/04/27 v1.2 Algorithmicx

(/usr/share/texlive/texmf-dist/tex/latex/base/ifthen.sty
Package: ifthen 2024/03/16 v1.1e Standard LaTeX ifthen package (DPC)
)
Document Style algorithmicx 1.2 - a greatly improved `algorithmic' style
\c@ALG@line=\count295
\c@ALG@rem=\count296
\c@ALG@nested=\count297
\ALG@tlm=\skip57
\ALG@thistlm=\skip58
\c@ALG@Lnr=\count298
\c@ALG@blocknr=\count299
\c@ALG@storecount=\count300
\c@ALG@tmpcounter=\count301
\ALG@tmplength=\skip59
) (/usr/share/texlive/texmf-dist/tex/latex/graphics/graphicx.sty
Package: graphicx 2024/12/31 v1.2e Enhanced LaTeX Graphics (DPC,SPQR)

(/usr/share/texlive/texmf-dist/tex/latex/graphics/keyval.sty
Package: keyval 2022/05/29 v1.15 key=value parser (DPC)
\KV@toks@=\toks30
)
(/usr/share/texlive/texmf-dist/tex/latex/graphics/graphics.sty
Package: graphics 2024/08/06 v1.4g Standard LaTeX Graphics (DPC,SPQR)

(/usr/share/texlive/texmf-dist/tex/latex/graphics/trig.sty
Package: trig 2023/12/02 v1.11 sin cos tan (DPC)
)
(/usr/share/texlive/texmf-dist/tex/latex/graphics-cfg/graphics.cfg
File: graphics.cfg 2016/06/04 v1.11 sample graphics configuration
)
Package graphics Info: Driver file: pdftex.def on input line 106.

(/usr/share/texlive/texmf-dist/tex/latex/graphics-def/pdftex.def
File: pdftex.def 2025/09/29 v1.2d Graphics/color driver for pdftex
))
\Gin@req@height=\dimen160
\Gin@req@width=\dimen161
)
(/usr/share/texlive/texmf-dist/tex/latex/caption/subcaption.sty
Package: subcaption 2023/07/28 v1.6b Sub-captions (AR)

(/usr/share/texlive/texmf-dist/tex/latex/caption/caption.sty
Package: caption 2023/08/05 v3.6o Customizing captions (AR)

(/usr/share/texlive/texmf-dist/tex/latex/caption/caption3.sty
Package: caption3 2023/07/31 v2.4d caption3 kernel (AR)
\caption@tempdima=\dimen162
\captionmargin=\dimen163
\caption@leftmargin=\dimen164
\caption@rightmargin=\dimen165
\caption@width=\dimen166
\caption@indent=\dimen167
\caption@parindent=\dimen168
\caption@hangindent=\dimen169
Package caption Info: Standard document class detected.
)
\c@caption@flags=\count302
\c@continuedfloat=\count303
)
Package caption Info: New subtype `subfigure' on input line 238.
\c@subfigure=\count304
Package caption Info: New subtype `subtable' on input line 238.
\c@subtable=\count305
)
(/usr/share/texlive/texmf-dist/tex/latex/listings/listings.sty
\lst@mode=\count306
\lst@gtempboxa=\box55
\lst@token=\toks31
\lst@length=\count307
\lst@currlwidth=\dimen170
\lst@column=\count308
\lst@pos=\count309
\lst@lostspace=\dimen171
\lst@width=\dimen172
\lst@newlines=\count310
\lst@lineno=\count311
\lst@maxwidth=\dimen173

(/usr/share/texlive/texmf-dist/tex/latex/listings/lstpatch.sty
File: lstpatch.sty 2025/11/14 1.11b (Carsten Heinz)
)
(/usr/share/texlive/texmf-dist/tex/latex/listings/lstmisc.sty
File: lstmisc.sty 2025/11/14 1.11b (Carsten Heinz)
\c@lstnumber=\count312
\lst@skipnumbers=\count313
\lst@framebox=\box56
)
(/usr/share/texlive/texmf-dist/tex/latex/listings/listings.cfg
File: listings.cfg 2025/11/14 1.11b listings configuration
))
Package: listings 2025/11/14 1.11b (Carsten Heinz)

==> First Aid for listings.sty no longer applied!
    Expected:
        2024/09/23 1.10c (Carsten Heinz)
    but found:
        2025/11/14 1.11b (Carsten Heinz)
    so I'm assuming it got fixed.
(/usr/share/texlive/texmf-dist/tex/latex/graphics/color.sty
Package: color 2025/01/14 v1.3e Standard LaTeX Color (DPC)

(/usr/share/texlive/texmf-dist/tex/latex/graphics-cfg/color.cfg
File: color.cfg 2016/01/02 v1.6 sample color configuration
)
Package color Info: Driver file: pdftex.def on input line 149.

(/usr/share/texlive/texmf-dist/tex/latex/graphics/mathcolor.ltx))
(/usr/share/texlive/texmf-dist/tex/latex/mdframed/mdframed.sty
Package: mdframed 2013/07/01 1.9b: mdframed

(/usr/share/texlive/texmf-dist/tex/latex/kvoptions/kvoptions.sty
Package: kvoptions 2022-06-15 v3.15 Key value format for package options (HO)

(/usr/share/texlive/texmf-dist/tex/generic/ltxcmds/ltxcmds.sty
Package: ltxcmds 2023-12-04 v1.26 LaTeX kernel commands for general use (HO)
)
(/usr/share/texlive/texmf-dist/tex/latex/kvsetkeys/kvsetkeys.sty
Package: kvsetkeys 2022-10-05 v1.19 Key value parser (HO)
))
(/usr/share/texlive/texmf-dist/tex/latex/l3packages/xparse/xparse.sty
(/usr/share/texlive/texmf-dist/tex/latex/l3kernel/expl3.sty
Package: expl3 2026-03-20 L3 programming layer (loader) 

(/usr/share/texlive/texmf-dist/tex/latex/l3backend/l3backend-pdftex.def
File: l3backend-pdftex.def 2026-02-18 L3 backend support: PDF output (pdfTeX)
\l__color_backend_stack_int=\count314
))
Package: xparse 2025-10-09 L3 Experimental document command parser
)
(/usr/share/texlive/texmf-dist/tex/latex/etoolbox/etoolbox.sty
Package: etoolbox 2025/10/02 v2.5m e-TeX tools for LaTeX (JAW)
\etb@tempcnta=\count315
)
(/usr/share/texlive/texmf-dist/tex/latex/zref/zref-abspage.sty
Package: zref-abspage 2026-03-07 v2.37 Module abspage for zref (HO)

(/usr/share/texlive/texmf-dist/tex/latex/zref/zref-base.sty
Package: zref-base 2026-03-07 v2.37 Module base for zref (HO)

(/usr/share/texlive/texmf-dist/tex/generic/infwarerr/infwarerr.sty
Package: infwarerr 2019/12/03 v1.5 Providing info/warning/error messages (HO)
)
(/usr/share/texlive/texmf-dist/tex/generic/kvdefinekeys/kvdefinekeys.sty
Package: kvdefinekeys 2019-12-19 v1.6 Define keys (HO)
)
(/usr/share/texlive/texmf-dist/tex/generic/pdftexcmds/pdftexcmds.sty
Package: pdftexcmds 2020-06-27 v0.33 Utility functions of pdfTeX for LuaTeX (HO
)

(/usr/share/texlive/texmf-dist/tex/generic/iftex/iftex.sty
Package: iftex 2024/12/12 v1.0g TeX engine tests
)
Package pdftexcmds Info: \pdf@primitive is available.
Package pdftexcmds Info: \pdf@ifprimitive is available.
Package pdftexcmds Info: \pdfdraftmode found.
)
(/usr/share/texlive/texmf-dist/tex/generic/etexcmds/etexcmds.sty
Package: etexcmds 2019/12/15 v1.7 Avoid name clashes with e-TeX commands (HO)
)
(/usr/share/texlive/texmf-dist/tex/latex/auxhook/auxhook.sty
Package: auxhook 2019-12-17 v1.6 Hooks for auxiliary files (HO)
)
Package zref Info: New property list: main on input line 767.
Package zref Info: New property: default on input line 768.
Package zref Info: New property: page on input line 769.
)
\c@abspage=\count316
Package zref Info: New property: abspage on input line 67.
)
(/usr/share/texlive/texmf-dist/tex/latex/needspace/needspace.sty
Package: needspace 2025/03/13 v1.3e reserve vertical space
)
\mdf@templength=\skip60
\c@mdf@globalstyle@cnt=\count317
\mdf@skipabove@length=\skip61
\mdf@skipbelow@length=\skip62
\mdf@leftmargin@length=\skip63
\mdf@rightmargin@length=\skip64
\mdf@innerleftmargin@length=\skip65
\mdf@innerrightmargin@length=\skip66
\mdf@innertopmargin@length=\skip67
\mdf@innerbottommargin@length=\skip68
\mdf@splittopskip@length=\skip69
\mdf@splitbottomskip@length=\skip70
\mdf@outermargin@length=\skip71
\mdf@innermargin@length=\skip72
\mdf@linewidth@length=\skip73
\mdf@innerlinewidth@length=\skip74
\mdf@middlelinewidth@length=\skip75
\mdf@outerlinewidth@length=\skip76
\mdf@roundcorner@length=\skip77
\mdf@footenotedistance@length=\skip78
\mdf@userdefinedwidth@length=\skip79
\mdf@needspace@length=\skip80
\mdf@frametitleaboveskip@length=\skip81
\mdf@frametitlebelowskip@length=\skip82
\mdf@frametitlerulewidth@length=\skip83
\mdf@frametitleleftmargin@length=\skip84
\mdf@frametitlerightmargin@length=\skip85
\mdf@shadowsize@length=\skip86
\mdf@extratopheight@length=\skip87
\mdf@subtitleabovelinewidth@length=\skip88
\mdf@subtitlebelowlinewidth@length=\skip89
\mdf@subtitleaboveskip@length=\skip90
\mdf@subtitlebelowskip@length=\skip91
\mdf@subtitleinneraboveskip@length=\skip92
\mdf@subtitleinnerbelowskip@length=\skip93
\mdf@subsubtitleabovelinewidth@length=\skip94
\mdf@subsubtitlebelowlinewidth@length=\skip95
\mdf@subsubtitleaboveskip@length=\skip96
\mdf@subsubtitlebelowskip@length=\skip97
\mdf@subsubtitleinneraboveskip@length=\skip98
\mdf@subsubtitleinnerbelowskip@length=\skip99

(/usr/share/texlive/texmf-dist/tex/latex/mdframed/md-frame-0.mdf
File: md-frame-0.mdf 2013/07/01\ 1.9b: md-frame-0
)
\mdf@frametitlebox=\box57
\mdf@footnotebox=\box58
\mdf@splitbox@one=\box59
\mdf@splitbox@two=\box60
\mdf@splitbox@save=\box61
\mdfsplitboxwidth=\skip100
\mdfsplitboxtotalwidth=\skip101
\mdfsplitboxheight=\skip102
\mdfsplitboxdepth=\skip103
\mdfsplitboxtotalheight=\skip104
\mdfframetitleboxwidth=\skip105
\mdfframetitleboxtotalwidth=\skip106
\mdfframetitleboxheight=\skip107
\mdfframetitleboxdepth=\skip108
\mdfframetitleboxtotalheight=\skip109
\mdffootnoteboxwidth=\skip110
\mdffootnoteboxtotalwidth=\skip111
\mdffootnoteboxheight=\skip112
\mdffootnoteboxdepth=\skip113
\mdffootnoteboxtotalheight=\skip114
\mdftotallinewidth=\skip115
\mdfboundingboxwidth=\skip116
\mdfboundingboxtotalwidth=\skip117
\mdfboundingboxheight=\skip118
\mdfboundingboxdepth=\skip119
\mdfboundingboxtotalheight=\skip120
\mdf@freevspace@length=\skip121
\mdf@horizontalwidthofbox@length=\skip122
\mdf@verticalmarginwhole@length=\skip123
\mdf@horizontalspaceofbox=\skip124
\mdfsubtitleheight=\skip125
\mdfsubsubtitleheight=\skip126
\c@mdfcountframes=\count318

****** mdframed patching \endmdf@trivlist

****** -- success******

\mdf@envdepth=\count319
\c@mdf@env@i=\count320
\c@mdf@env@ii=\count321
\c@mdf@zref@counter=\count322
Package zref Info: New property: mdf@pagevalue on input line 895.
)
(/usr/share/texlive/texmf-dist/tex/latex/float/float.sty
Package: float 2001/11/08 v1.3d Float enhancements (AL)
\c@float@type=\count323
\float@exts=\toks32
\float@box=\box62
\@float@everytoks=\toks33
\@floatcapt=\box63
)
(/usr/share/texlive/texmf-dist/tex/latex/booktabs/booktabs.sty
Package: booktabs 2020/01/12 v1.61803398 Publication quality tables
\heavyrulewidth=\dimen174
\lightrulewidth=\dimen175
\cmidrulewidth=\dimen176
\belowrulesep=\dimen177
\belowbottomsep=\dimen178
\aboverulesep=\dimen179
\abovetopsep=\dimen180
\cmidrulesep=\dimen181
\cmidrulekern=\dimen182
\defaultaddspace=\dimen183
\@cmidla=\count324
\@cmidlb=\count325
\@aboverulesep=\dimen184
\@belowrulesep=\dimen185
\@thisruleclass=\count326
\@lastruleclass=\count327
\@thisrulewidth=\dimen186
)
(/usr/share/texlive/texmf-dist/tex/latex/mathtools/mathtools.sty
Package: mathtools 2024/10/04 v1.31 mathematical typesetting tools

(/usr/share/texlive/texmf-dist/tex/latex/tools/calc.sty
Package: calc 2025/03/01 v4.3b Infix arithmetic (KKT,FJ)
\calc@Acount=\count328
\calc@Bcount=\count329
\calc@Adimen=\dimen187
\calc@Bdimen=\dimen188
\calc@Askip=\skip127
\calc@Bskip=\skip128
LaTeX Info: Redefining \setlength on input line 86.
LaTeX Info: Redefining \addtolength on input line 87.
\calc@Ccount=\count330
\calc@Cskip=\skip129
)
(/usr/share/texlive/texmf-dist/tex/latex/mathtools/mhsetup.sty
Package: mhsetup 2021/03/18 v1.4 programming setup (MH)
)
\g_MT_multlinerow_int=\count331
\l_MT_multwidth_dim=\dimen189
\origjot=\skip130
\l_MT_shortvdotswithinadjustabove_dim=\dimen190
\l_MT_shortvdotswithinadjustbelow_dim=\dimen191
\l_MT_above_intertext_sep=\dimen192
\l_MT_below_intertext_sep=\dimen193
\l_MT_above_shortintertext_sep=\dimen194
\l_MT_below_shortintertext_sep=\dimen195
\xmathstrut@box=\box64
\xmathstrut@dim=\dimen196
)
(/usr/share/texlive/texmf-dist/tex/latex/listings/lstlang1.sty
File: lstlang1.sty 2025/11/14 1.11b listings language file
)
(./Problem Set 2 Dylan Ashby.aux)
\openout1 = `"Problem Set 2 Dylan Ashby.aux"'.

LaTeX Font Info:    Checking defaults for OML/cmm/m/it on input line 43.
LaTeX Font Info:    ... okay on input line 43.
LaTeX Font Info:    Checking defaults for OMS/cmsy/m/n on input line 43.
LaTeX Font Info:    ... okay on input line 43.
LaTeX Font Info:    Checking defaults for OT1/cmr/m/n on input line 43.
LaTeX Font Info:    ... okay on input line 43.
LaTeX Font Info:    Checking defaults for T1/cmr/m/n on input line 43.
LaTeX Font Info:    ... okay on input line 43.
LaTeX Font Info:    Checking defaults for TS1/cmr/m/n on input line 43.
LaTeX Font Info:    ... okay on input line 43.
LaTeX Font Info:    Checking defaults for OMX/cmex/m/n on input line 43.
LaTeX Font Info:    ... okay on input line 43.
LaTeX Font Info:    Checking defaults for U/cmr/m/n on input line 43.
LaTeX Font Info:    ... okay on input line 43.

(/usr/share/texlive/texmf-dist/tex/context/base/mkii/supp-pdf.mkii
[Loading MPS to PDF converter (version 2006.09.02).]
\scratchcounter=\count332
\scratchdimen=\dimen197
\scratchbox=\box65
\nofMPsegments=\count333
\nofMParguments=\count334
\everyMPshowfont=\toks34
\MPscratchCnt=\count335
\MPscratchDim=\dimen198
\MPnumerator=\count336
\makeMPintoPDFobject=\count337
\everyMPtoPDFconversion=\toks35
) (/usr/share/texlive/texmf-dist/tex/latex/epstopdf-pkg/epstopdf-base.sty
Package: epstopdf-base 2020-01-24 v2.11 Base part for package epstopdf
Package epstopdf-base Info: Redefining graphics rule for `.eps' on input line 4
85.

(/usr/share/texlive/texmf-dist/tex/latex/latexconfig/epstopdf-sys.cfg
File: epstopdf-sys.cfg 2010/07/13 v1.3 Configuration of (r)epstopdf for TeX Liv
e
))
Package caption Info: Begin \AtBeginDocument code.
Package caption Info: float package is loaded.
Package caption Info: listings package is loaded.
Package caption Info: End \AtBeginDocument code.
\c@lstlisting=\count338
LaTeX Font Info:    Trying to load font information for U+msa on input line 45.


(/usr/share/texlive/texmf-dist/tex/latex/amsfonts/umsa.fd
File: umsa.fd 2013/01/14 v3.01 AMS symbols A
)
LaTeX Font Info:    Trying to load font information for U+msb on input line 45.


(/usr/share/texlive/texmf-dist/tex/latex/amsfonts/umsb.fd
File: umsb.fd 2013/01/14 v3.01 AMS symbols B
) [1

{/var/lib/texmf/fonts/map/pdftex/updmap/pdftex.map}]
Underfull \hbox (badness 10000) in paragraph at lines 70--72

 []


Underfull \hbox (badness 10000) in paragraph at lines 75--76

 []

Package mdframed Info: mdframed detected package amsthm 
 changed the theorem header of amsthm
(mdframed)              on input line 79.

Overfull \hbox (2.65823pt too wide) in paragraph at lines 149--150
\OT1/cmr/m/n/10 Consider a prin-ci-pal ro-ta-tion of an-gle $\OML/cmm/m/it/10 ^
^R \OT1/cmr/m/n/10 = 120 []$ about the axis $[] = [][1\OML/cmm/m/it/10 ; \OT1/c
mr/m/n/10 1\OML/cmm/m/it/10 ; \OT1/cmr/m/n/10 1][]$. 
 []

[1]
Underfull \hbox (badness 10000) in paragraph at lines 152--153

 []

Package mdframed Info: mdframed detected package amsthm 
 changed the theorem header of amsthm
(mdframed)              on input line 164.

Underfull \hbox (badness 10000) in paragraph at lines 195--196

 []

Package mdframed Info: mdframed detected package amsthm 
 changed the theorem header of amsthm
(mdframed)              on input line 208.

Overfull \hbox (12.2142pt too wide) detected at line 226
[]
 []


Package mdframed Warning: You got a bad break
(mdframed)                because the last box will be empty
(mdframed)                you have to change it manually
(mdframed)                by changing the text, the space
(mdframed)                or something else on input line 228.

Package mdframed Info: Box was splittet wrong
 starting loop to iterate the splitting point
(mdframed)              on input line 228.

Overfull \vbox (0.9906pt too high) detected at line 228
 []


Overfull \vbox (1.9906pt too high) detected at line 228
 []


Overfull \vbox (2.9906pt too high) detected at line 228
 []


Overfull \vbox (3.9906pt too high) detected at line 228
 []


Overfull \vbox (4.9906pt too high) detected at line 228
 []


Overfull \vbox (5.9906pt too high) detected at line 228
 []


Overfull \vbox (6.9906pt too high) detected at line 228
 []


Overfull \vbox (7.9906pt too high) detected at line 228
 []


Overfull \vbox (8.9906pt too high) detected at line 228
 []


Overfull \vbox (9.9906pt too high) detected at line 228
 []


Overfull \vbox (10.9906pt too high) detected at line 228
 []


Overfull \vbox (11.9906pt too high) detected at line 228
 []


Overfull \vbox (12.9906pt too high) detected at line 228
 []


Overfull \vbox (13.9906pt too high) detected at line 228
 []


Overfull \vbox (14.9906pt too high) detected at line 228
 []


Overfull \vbox (15.9906pt too high) detected at line 228
 []


Overfull \vbox (16.9906pt too high) detected at line 228
 []


Overfull \vbox (17.9906pt too high) detected at line 228
 []


Overfull \vbox (18.9906pt too high) detected at line 228
 []


Overfull \vbox (19.9906pt too high) detected at line 228
 []


Overfull \vbox (20.9906pt too high) detected at line 228
 []


Overfull \vbox (21.9906pt too high) detected at line 228
 []


Overfull \vbox (22.9906pt too high) detected at line 228
 []


Overfull \vbox (23.9906pt too high) detected at line 228
 []


Overfull \vbox (24.9906pt too high) detected at line 228
 []


Overfull \vbox (25.9906pt too high) detected at line 228
 []


Overfull \vbox (26.9906pt too high) detected at line 228
 []


Overfull \vbox (27.9906pt too high) detected at line 228
 []


Overfull \vbox (28.9906pt too high) detected at line 228
 []


Overfull \vbox (29.9906pt too high) detected at line 228
 []


Overfull \vbox (30.9906pt too high) detected at line 228
 []


Overfull \vbox (31.9906pt too high) detected at line 228
 []


Overfull \vbox (32.9906pt too high) detected at line 228
 []


Overfull \vbox (33.9906pt too high) detected at line 228
 []


Overfull \vbox (34.9906pt too high) detected at line 228
 []


Overfull \vbox (35.9906pt too high) detected at line 228
 []


Overfull \vbox (36.9906pt too high) detected at line 228
 []


Overfull \vbox (37.9906pt too high) detected at line 228
 []


Overfull \vbox (38.9906pt too high) detected at line 228
 []


Overfull \vbox (39.9906pt too high) detected at line 228
 []


Overfull \vbox (40.9906pt too high) detected at line 228
 []


Overfull \vbox (41.9906pt too high) detected at line 228
 []


Overfull \vbox (42.9906pt too high) detected at line 228
 []


Overfull \vbox (43.9906pt too high) detected at line 228
 []


Overfull \vbox (44.9906pt too high) detected at line 228
 []


Overfull \vbox (45.9906pt too high) detected at line 228
 []


Overfull \vbox (46.9906pt too high) detected at line 228
 []


Overfull \vbox (47.9906pt too high) detected at line 228
 []


Overfull \vbox (48.9906pt too high) detected at line 228
 []


Overfull \vbox (49.9906pt too high) detected at line 228
 []


Overfull \vbox (50.9906pt too high) detected at line 228
 []


Overfull \vbox (51.9906pt too high) detected at line 228
 []


Overfull \vbox (52.9906pt too high) detected at line 228
 []


Overfull \vbox (53.9906pt too high) detected at line 228
 []


Overfull \vbox (54.9906pt too high) detected at line 228
 []


Overfull \vbox (55.9906pt too high) detected at line 228
 []


Overfull \vbox (56.9906pt too high) detected at line 228
 []


Overfull \vbox (57.9906pt too high) detected at line 228
 []


Overfull \vbox (58.9906pt too high) detected at line 228
 []


Overfull \vbox (59.9906pt too high) detected at line 228
 []


Overfull \vbox (60.9906pt too high) detected at line 228
 []


Overfull \vbox (61.9906pt too high) detected at line 228
 []


Overfull \vbox (62.9906pt too high) detected at line 228
 []


Overfull \vbox (63.9906pt too high) detected at line 228
 []


Overfull \vbox (64.9906pt too high) detected at line 228
 []


Overfull \vbox (65.9906pt too high) detected at line 228
 []


Overfull \vbox (66.9906pt too high) detected at line 228
 []


Overfull \vbox (67.9906pt too high) detected at line 228
 []


Overfull \vbox (68.9906pt too high) detected at line 228
 []


Overfull \vbox (69.9906pt too high) detected at line 228
 []


Overfull \vbox (70.9906pt too high) detected at line 228
 []


Overfull \vbox (71.9906pt too high) detected at line 228
 []


Overfull \vbox (72.9906pt too high) detected at line 228
 []


Overfull \vbox (73.9906pt too high) detected at line 228
 []


Overfull \vbox (74.9906pt too high) detected at line 228
 []


Overfull \vbox (75.9906pt too high) detected at line 228
 []


Overfull \vbox (76.9906pt too high) detected at line 228
 []


Overfull \vbox (77.9906pt too high) detected at line 228
 []


Overfull \vbox (78.9906pt too high) detected at line 228
 []


Overfull \vbox (79.9906pt too high) detected at line 228
 []


Overfull \vbox (80.9906pt too high) detected at line 228
 []


Overfull \vbox (81.9906pt too high) detected at line 228
 []


Overfull \vbox (82.9906pt too high) detected at line 228
 []


Overfull \vbox (83.9906pt too high) detected at line 228
 []


Overfull \vbox (84.9906pt too high) detected at line 228
 []


Overfull \vbox (85.9906pt too high) detected at line 228
 []


Overfull \vbox (86.9906pt too high) detected at line 228
 []


Overfull \vbox (87.9906pt too high) detected at line 228
 []


Overfull \vbox (88.9906pt too high) detected at line 228
 []


Overfull \vbox (89.9906pt too high) detected at line 228
 []


Overfull \vbox (90.9906pt too high) detected at line 228
 []


Overfull \vbox (91.9906pt too high) detected at line 228
 []


Overfull \vbox (92.9906pt too high) detected at line 228
 []


Overfull \vbox (93.9906pt too high) detected at line 228
 []


Overfull \vbox (94.9906pt too high) detected at line 228
 []


Overfull \vbox (95.9906pt too high) detected at line 228
 []


Overfull \vbox (96.9906pt too high) detected at line 228
 []


Overfull \vbox (97.9906pt too high) detected at line 228
 []


Overfull \vbox (98.9906pt too high) detected at line 228
 []


Overfull \vbox (99.9906pt too high) detected at line 228
 []


Package mdframed Warning: correct box splittet fails
 It seems you are using a non splittable contents
(mdframed)                 on input line 228.

Package mdframed Info: You first box width is to small
 mdframed fixed it
(mdframed)              on input line 228.
[2]
Underfull \hbox (badness 10000) in paragraph at lines 230--231

 []

Package mdframed Info: mdframed detected package amsthm 
 changed the theorem header of amsthm
(mdframed)              on input line 232.

Underfull \hbox (badness 10000) in paragraph at lines 258--259

 []

Package mdframed Info: mdframed detected package amsthm 
 changed the theorem header of amsthm
(mdframed)              on input line 278.

Overfull \hbox (5.6202pt too wide) detected at line 296
[]
 []


Underfull \hbox (badness 10000) in paragraph at lines 302--303

 []

[3]
LaTeX Font Info:    Trying to load font information for OMS+cmr on input line 3
06.
 (/usr/share/texlive/texmf-dist/tex/latex/base/omscmr.fd
File: omscmr.fd 2024/11/19 v2.5n Standard LaTeX font definitions
)
LaTeX Font Info:    Font shape `OMS/cmr/bx/n' in size <10> not available
(Font)              Font shape `OMS/cmsy/b/n' tried instead on input line 306.
 [4{/usr/share/texlive/texmf-dist/fonts/enc/dvips/cm-super/cm-super-ts1.enc}]
Package mdframed Info: mdframed detected package amsthm 
 changed the theorem header of amsthm
(mdframed)              on input line 347.
Package mdframed Info: mdframed detected package amsthm 
 changed the theorem header of amsthm
(mdframed)              on input line 354.
Package mdframed Info: mdframed detected package amsthm 
 changed the theorem header of amsthm
(mdframed)              on input line 369.
Package mdframed Info: Not enough space on this page on input line 378.
 [5]
Package mdframed Info: Not enough space on this page on input line 378.

Underfull \hbox (badness 10000) in paragraph at lines 381--382

 []

[6]
Package mdframed Info: mdframed detected package amsthm 
 changed the theorem header of amsthm
(mdframed)              on input line 541.
Package mdframed Info: Not enough space on this page on input line 550.

Underfull \hbox (badness 10000) in paragraph at lines 556--557

 []

Package mdframed Info: mdframed detected package amsthm 
 changed the theorem header of amsthm
(mdframed)              on input line 568.
[7]
Package mdframed Info: mdframed detected package amsthm 
 changed the theorem header of amsthm
(mdframed)              on input line 600.
 [8]
Package mdframed Info: mdframed detected package amsthm 
 changed the theorem header of amsthm
(mdframed)              on input line 664.
 [9]
Underfull \hbox (badness 10000) in paragraph at lines 686--688

 []


Underfull \hbox (badness 10000) in paragraph at lines 693--695

 []


Underfull \hbox (badness 10000) in paragraph at lines 696--697

 []

[10]

LaTeX Font Warning: Command \footnotesize invalid in math mode on input line 74
6.


LaTeX Font Warning: Command \normalsize invalid in math mode on input line 750.


Package mdframed Info: mdframed detected package amsthm 
 changed the theorem header of amsthm
(mdframed)              on input line 753.

Overfull \hbox (16.4379pt too wide) in paragraph at lines 771--772
\OT1/cmr/m/n/10 5\OML/cmm/m/it/10 kg \OMS/cmsy/m/n/10 ^^A \OML/cmm/m/it/10 m[]$
\OT1/cmr/m/n/10 , in torque-free mo-tion with ini-tial an-gu-lar ve-loc-ity $[]
[] = [0\OML/cmm/m/it/10 :\OT1/cmr/m/n/10 2\OML/cmm/m/it/10 ; \OT1/cmr/m/n/10 0\
OML/cmm/m/it/10 :\OT1/cmr/m/n/10 1\OML/cmm/m/it/10 ; \OT1/cmr/m/n/10 1\OML/cmm/
m/it/10 :\OT1/cmr/m/n/10 0][][]\OML/cmm/m/it/10 =s$\OT1/cmr/m/n/10 . 
 []


Underfull \hbox (badness 10000) in paragraph at lines 771--772

 []

[11]
Underfull \hbox (badness 10000) in paragraph at lines 780--781

 []

Package mdframed Info: mdframed detected package amsthm 
 changed the theorem header of amsthm
(mdframed)              on input line 795.
<partf1.png, id=67, 871.0944pt x 560.3334pt>
File: partf1.png Graphic file (type png)
<use partf1.png>
Package pdftex.def Info: partf1.png  used on input line 798.
(pdftex.def)             Requested size: 274.55197pt x 176.60855pt.

Overfull \vbox (71.93834pt too high) detected at line 803
 []

Package mdframed Info: Box was splittet wrong
 starting loop to iterate the splitting point
(mdframed)              on input line 803.

Overfull \vbox (72.93834pt too high) detected at line 803
 []


Overfull \vbox (73.93834pt too high) detected at line 803
 []


Overfull \vbox (74.93834pt too high) detected at line 803
 []


Overfull \vbox (75.93834pt too high) detected at line 803
 []


Overfull \vbox (76.93834pt too high) detected at line 803
 []


Overfull \vbox (77.93834pt too high) detected at line 803
 []


Overfull \vbox (78.93834pt too high) detected at line 803
 []


Overfull \vbox (79.93834pt too high) detected at line 803
 []


Overfull \vbox (80.93834pt too high) detected at line 803
 []


Overfull \vbox (81.93834pt too high) detected at line 803
 []


Overfull \vbox (82.93834pt too high) detected at line 803
 []


Overfull \vbox (83.93834pt too high) detected at line 803
 []


Overfull \vbox (84.93834pt too high) detected at line 803
 []


Overfull \vbox (85.93834pt too high) detected at line 803
 []


Overfull \vbox (86.93834pt too high) detected at line 803
 []


Overfull \vbox (87.93834pt too high) detected at line 803
 []


Overfull \vbox (88.93834pt too high) detected at line 803
 []


Overfull \vbox (89.93834pt too high) detected at line 803
 []


Overfull \vbox (90.93834pt too high) detected at line 803
 []


Overfull \vbox (91.93834pt too high) detected at line 803
 []


Overfull \vbox (92.93834pt too high) detected at line 803
 []


Overfull \vbox (93.93834pt too high) detected at line 803
 []


Overfull \vbox (94.93834pt too high) detected at line 803
 []


Overfull \vbox (95.93834pt too high) detected at line 803
 []


Overfull \vbox (96.93834pt too high) detected at line 803
 []


Overfull \vbox (97.93834pt too high) detected at line 803
 []


Overfull \vbox (98.93834pt too high) detected at line 803
 []


Overfull \vbox (99.93834pt too high) detected at line 803
 []


Overfull \vbox (100.93834pt too high) detected at line 803
 []


Overfull \vbox (101.93834pt too high) detected at line 803
 []


Overfull \vbox (102.93834pt too high) detected at line 803
 []


Overfull \vbox (103.93834pt too high) detected at line 803
 []


Overfull \vbox (104.93834pt too high) detected at line 803
 []


Overfull \vbox (105.93834pt too high) detected at line 803
 []


Overfull \vbox (106.93834pt too high) detected at line 803
 []


Overfull \vbox (107.93834pt too high) detected at line 803
 []


Overfull \vbox (108.93834pt too high) detected at line 803
 []


Overfull \vbox (109.93834pt too high) detected at line 803
 []


Overfull \vbox (110.93834pt too high) detected at line 803
 []


Overfull \vbox (111.93834pt too high) detected at line 803
 []


Overfull \vbox (112.93834pt too high) detected at line 803
 []


Overfull \vbox (113.93834pt too high) detected at line 803
 []


Overfull \vbox (114.93834pt too high) detected at line 803
 []


Overfull \vbox (115.93834pt too high) detected at line 803
 []


Overfull \vbox (116.93834pt too high) detected at line 803
 []


Overfull \vbox (117.93834pt too high) detected at line 803
 []


Overfull \vbox (118.93834pt too high) detected at line 803
 []


Overfull \vbox (119.93834pt too high) detected at line 803
 []


Overfull \vbox (120.93834pt too high) detected at line 803
 []


Overfull \vbox (121.93834pt too high) detected at line 803
 []


Overfull \vbox (122.93834pt too high) detected at line 803
 []


Overfull \vbox (123.93834pt too high) detected at line 803
 []


Overfull \vbox (124.93834pt too high) detected at line 803
 []


Overfull \vbox (125.93834pt too high) detected at line 803
 []


Overfull \vbox (126.93834pt too high) detected at line 803
 []


Overfull \vbox (127.93834pt too high) detected at line 803
 []


Overfull \vbox (128.93834pt too high) detected at line 803
 []


Overfull \vbox (129.93834pt too high) detected at line 803
 []


Overfull \vbox (130.93834pt too high) detected at line 803
 []


Overfull \vbox (131.93834pt too high) detected at line 803
 []


Overfull \vbox (132.93834pt too high) detected at line 803
 []


Overfull \vbox (133.93834pt too high) detected at line 803
 []


Overfull \vbox (134.93834pt too high) detected at line 803
 []


Overfull \vbox (135.93834pt too high) detected at line 803
 []


Overfull \vbox (136.93834pt too high) detected at line 803
 []


Overfull \vbox (137.93834pt too high) detected at line 803
 []


Overfull \vbox (138.93834pt too high) detected at line 803
 []


Overfull \vbox (139.93834pt too high) detected at line 803
 []


Overfull \vbox (140.93834pt too high) detected at line 803
 []


Overfull \vbox (141.93834pt too high) detected at line 803
 []


Overfull \vbox (142.93834pt too high) detected at line 803
 []


Overfull \vbox (143.93834pt too high) detected at line 803
 []


Overfull \vbox (144.93834pt too high) detected at line 803
 []


Overfull \vbox (145.93834pt too high) detected at line 803
 []


Overfull \vbox (146.93834pt too high) detected at line 803
 []


Overfull \vbox (147.93834pt too high) detected at line 803
 []


Overfull \vbox (148.93834pt too high) detected at line 803
 []


Overfull \vbox (149.93834pt too high) detected at line 803
 []


Overfull \vbox (150.93834pt too high) detected at line 803
 []


Overfull \vbox (151.93834pt too high) detected at line 803
 []


Overfull \vbox (152.93834pt too high) detected at line 803
 []


Overfull \vbox (153.93834pt too high) detected at line 803
 []


Overfull \vbox (154.93834pt too high) detected at line 803
 []


Overfull \vbox (155.93834pt too high) detected at line 803
 []


Overfull \vbox (156.93834pt too high) detected at line 803
 []


Overfull \vbox (157.93834pt too high) detected at line 803
 []


Overfull \vbox (158.93834pt too high) detected at line 803
 []


Overfull \vbox (159.93834pt too high) detected at line 803
 []


Overfull \vbox (160.93834pt too high) detected at line 803
 []


Overfull \vbox (161.93834pt too high) detected at line 803
 []


Overfull \vbox (162.93834pt too high) detected at line 803
 []


Overfull \vbox (163.93834pt too high) detected at line 803
 []


Overfull \vbox (164.93834pt too high) detected at line 803
 []


Overfull \vbox (165.93834pt too high) detected at line 803
 []


Overfull \vbox (166.93834pt too high) detected at line 803
 []


Overfull \vbox (167.93834pt too high) detected at line 803
 []


Overfull \vbox (168.93834pt too high) detected at line 803
 []


Overfull \vbox (169.93834pt too high) detected at line 803
 []


Overfull \vbox (170.93834pt too high) detected at line 803
 []


Overfull \vbox (171.93834pt too high) detected at line 803
 []


Overfull \vbox (172.93834pt too high) detected at line 803
 []


Package mdframed Warning: correct box splittet fails
 It seems you are using a non splittable contents
(mdframed)                 on input line 803.

Package mdframed Info: You first box width is to small
 mdframed fixed it
(mdframed)              on input line 803.
[12]
Underfull \hbox (badness 10000) in paragraph at lines 806--807

 []

Package mdframed Info: mdframed detected package amsthm 
 changed the theorem header of amsthm
(mdframed)              on input line 820.
<partf2.png, id=72, 871.0944pt x 560.3334pt>
File: partf2.png Graphic file (type png)
<use partf2.png>
Package pdftex.def Info: partf2.png  used on input line 824.
(pdftex.def)             Requested size: 274.55197pt x 176.60855pt.
<partf22.png, id=73, 885.5484pt x 559.8516pt>
File: partf22.png Graphic file (type png)
<use partf22.png>
Package pdftex.def Info: partf22.png  used on input line 831.
(pdftex.def)             Requested size: 274.55197pt x 173.56927pt.
[13 <./partf1.png (PNG copy)>]
Package mdframed Info: Box was splittet wrong
 starting loop to iterate the splitting point
(mdframed)              on input line 837.
 [14 <./partf2.png (PNG copy)> <./partf22.png (PNG copy)>]
<partg.png, id=80, 621.82312pt x 320.69812pt>
File: partg.png Graphic file (type png)
<use partg.png>
Package pdftex.def Info: partg.png  used on input line 843.
(pdftex.def)             Requested size: 293.2521pt x 151.24194pt.
 [15 <./partg.png>]
Underfull \hbox (badness 10000) in paragraph at lines 860--862

 []

Package mdframed Info: mdframed detected package amsthm 
 changed the theorem header of amsthm
(mdframed)              on input line 873.

Underfull \hbox (badness 10000) in paragraph at lines 874--875

 []


Underfull \hbox (badness 10000) in paragraph at lines 876--877

 []


Underfull \hbox (badness 10000) in paragraph at lines 882--883

 []


Underfull \hbox (badness 10000) in paragraph at lines 884--886

 []

[16]
Package mdframed Info: mdframed detected package amsthm 
 changed the theorem header of amsthm
(mdframed)              on input line 903.
 [17]
Package mdframed Info: mdframed detected package amsthm 
 changed the theorem header of amsthm
(mdframed)              on input line 978.


Package mdframed Warning: You got a bad break
(mdframed)                because the last box will be empty
(mdframed)                you have to change it manually
(mdframed)                by changing the text, the space
(mdframed)                or something else on input line 989.

Package mdframed Info: Box was splittet wrong
 starting loop to iterate the splitting point
(mdframed)              on input line 989.

Overfull \vbox (0.59569pt too high) detected at line 989
 []


Overfull \vbox (1.59569pt too high) detected at line 989
 []


Overfull \vbox (2.59569pt too high) detected at line 989
 []


Overfull \vbox (3.59569pt too high) detected at line 989
 []


Overfull \vbox (4.59569pt too high) detected at line 989
 []


Overfull \vbox (5.59569pt too high) detected at line 989
 []


Overfull \vbox (6.59569pt too high) detected at line 989
 []


Overfull \vbox (7.59569pt too high) detected at line 989
 []


Overfull \vbox (8.59569pt too high) detected at line 989
 []


Overfull \vbox (9.59569pt too high) detected at line 989
 []


Overfull \vbox (10.59569pt too high) detected at line 989
 []


Overfull \vbox (11.59569pt too high) detected at line 989
 []


Overfull \vbox (12.59569pt too high) detected at line 989
 []


Overfull \vbox (13.59569pt too high) detected at line 989
 []


Overfull \vbox (14.59569pt too high) detected at line 989
 []


Overfull \vbox (15.59569pt too high) detected at line 989
 []


Overfull \vbox (16.59569pt too high) detected at line 989
 []


Overfull \vbox (17.59569pt too high) detected at line 989
 []


Overfull \vbox (18.59569pt too high) detected at line 989
 []


Overfull \vbox (19.59569pt too high) detected at line 989
 []


Overfull \vbox (20.59569pt too high) detected at line 989
 []


Overfull \vbox (21.59569pt too high) detected at line 989
 []


Overfull \vbox (22.59569pt too high) detected at line 989
 []


Overfull \vbox (23.59569pt too high) detected at line 989
 []


Overfull \vbox (24.59569pt too high) detected at line 989
 []


Overfull \vbox (25.59569pt too high) detected at line 989
 []


Overfull \vbox (26.59569pt too high) detected at line 989
 []


Overfull \vbox (27.59569pt too high) detected at line 989
 []


Overfull \vbox (28.59569pt too high) detected at line 989
 []


Overfull \vbox (29.59569pt too high) detected at line 989
 []


Overfull \vbox (30.59569pt too high) detected at line 989
 []


Overfull \vbox (31.59569pt too high) detected at line 989
 []


Overfull \vbox (32.59569pt too high) detected at line 989
 []


Overfull \vbox (33.59569pt too high) detected at line 989
 []


Overfull \vbox (34.59569pt too high) detected at line 989
 []


Overfull \vbox (35.59569pt too high) detected at line 989
 []


Overfull \vbox (36.59569pt too high) detected at line 989
 []


Overfull \vbox (37.59569pt too high) detected at line 989
 []


Overfull \vbox (38.59569pt too high) detected at line 989
 []


Overfull \vbox (39.59569pt too high) detected at line 989
 []


Overfull \vbox (40.59569pt too high) detected at line 989
 []


Overfull \vbox (41.59569pt too high) detected at line 989
 []


Overfull \vbox (42.59569pt too high) detected at line 989
 []


Overfull \vbox (43.59569pt too high) detected at line 989
 []


Overfull \vbox (44.59569pt too high) detected at line 989
 []


Overfull \vbox (45.59569pt too high) detected at line 989
 []


Overfull \vbox (46.59569pt too high) detected at line 989
 []


Overfull \vbox (47.59569pt too high) detected at line 989
 []


Overfull \vbox (48.59569pt too high) detected at line 989
 []


Overfull \vbox (49.59569pt too high) detected at line 989
 []


Overfull \vbox (50.59569pt too high) detected at line 989
 []


Overfull \vbox (51.59569pt too high) detected at line 989
 []


Overfull \vbox (52.59569pt too high) detected at line 989
 []


Overfull \vbox (53.59569pt too high) detected at line 989
 []


Overfull \vbox (54.59569pt too high) detected at line 989
 []


Overfull \vbox (55.59569pt too high) detected at line 989
 []


Overfull \vbox (56.59569pt too high) detected at line 989
 []


Overfull \vbox (57.59569pt too high) detected at line 989
 []


Overfull \vbox (58.59569pt too high) detected at line 989
 []


Overfull \vbox (59.59569pt too high) detected at line 989
 []


Overfull \vbox (60.59569pt too high) detected at line 989
 []


Overfull \vbox (61.59569pt too high) detected at line 989
 []


Overfull \vbox (62.59569pt too high) detected at line 989
 []


Overfull \vbox (63.59569pt too high) detected at line 989
 []


Overfull \vbox (64.59569pt too high) detected at line 989
 []


Overfull \vbox (65.59569pt too high) detected at line 989
 []


Overfull \vbox (66.59569pt too high) detected at line 989
 []


Overfull \vbox (67.59569pt too high) detected at line 989
 []


Overfull \vbox (68.59569pt too high) detected at line 989
 []


Overfull \vbox (69.59569pt too high) detected at line 989
 []


Overfull \vbox (70.59569pt too high) detected at line 989
 []


Overfull \vbox (71.59569pt too high) detected at line 989
 []


Overfull \vbox (72.59569pt too high) detected at line 989
 []


Overfull \vbox (73.59569pt too high) detected at line 989
 []


Overfull \vbox (74.59569pt too high) detected at line 989
 []


Overfull \vbox (75.59569pt too high) detected at line 989
 []


Overfull \vbox (76.59569pt too high) detected at line 989
 []


Overfull \vbox (77.59569pt too high) detected at line 989
 []


Overfull \vbox (78.59569pt too high) detected at line 989
 []


Overfull \vbox (79.59569pt too high) detected at line 989
 []


Overfull \vbox (80.59569pt too high) detected at line 989
 []


Overfull \vbox (81.59569pt too high) detected at line 989
 []


Overfull \vbox (82.59569pt too high) detected at line 989
 []


Overfull \vbox (83.59569pt too high) detected at line 989
 []


Overfull \vbox (84.59569pt too high) detected at line 989
 []


Overfull \vbox (85.59569pt too high) detected at line 989
 []


Overfull \vbox (86.59569pt too high) detected at line 989
 []


Overfull \vbox (87.59569pt too high) detected at line 989
 []


Overfull \vbox (88.59569pt too high) detected at line 989
 []


Overfull \vbox (89.59569pt too high) detected at line 989
 []


Overfull \vbox (90.59569pt too high) detected at line 989
 []


Overfull \vbox (91.59569pt too high) detected at line 989
 []


Overfull \vbox (92.59569pt too high) detected at line 989
 []


Overfull \vbox (93.59569pt too high) detected at line 989
 []


Overfull \vbox (94.59569pt too high) detected at line 989
 []


Overfull \vbox (95.59569pt too high) detected at line 989
 []


Overfull \vbox (96.59569pt too high) detected at line 989
 []


Overfull \vbox (97.59569pt too high) detected at line 989
 []


Package mdframed Warning: correct box splittet fails
 It seems you are using a non splittable contents
(mdframed)                 on input line 989.

Package mdframed Info: You first box width is to small
 mdframed fixed it
(mdframed)              on input line 989.
[18]
Package mdframed Info: mdframed detected package amsthm 
 changed the theorem header of amsthm
(mdframed)              on input line 1011.

Underfull \hbox (badness 10000) in paragraph at lines 1025--1026

 []


Overfull \hbox (4.51773pt too wide) detected at line 1050
[]
 []

Package mdframed Info: mdframed detected package amsthm 
 changed the theorem header of amsthm
(mdframed)              on input line 1053.

Underfull \hbox (badness 10000) in paragraph at lines 1062--1064

 []

[19]
Underfull \hbox (badness 10000) in paragraph at lines 1095--1096

 []


Underfull \hbox (badness 10000) in paragraph at lines 1101--1103

 []


Underfull \hbox (badness 10000) in paragraph at lines 1107--1109

 []

[20] [21]
Underfull \hbox (badness 10000) in paragraph at lines 1161--1164

 []


Underfull \hbox (badness 10000) in paragraph at lines 1183--1185

 []

Package mdframed Info: mdframed detected package amsthm 
 changed the theorem header of amsthm
(mdframed)              on input line 1187.

Overfull \vbox (18.9061pt too high) detected at line 1222
 []

Package mdframed Info: Box was splittet wrong
 starting loop to iterate the splitting point
(mdframed)              on input line 1222.

Overfull \vbox (19.9061pt too high) detected at line 1222
 []


Overfull \vbox (20.9061pt too high) detected at line 1222
 []


Overfull \vbox (21.9061pt too high) detected at line 1222
 []


Overfull \vbox (22.9061pt too high) detected at line 1222
 []


Overfull \vbox (23.9061pt too high) detected at line 1222
 []


Overfull \vbox (24.9061pt too high) detected at line 1222
 []


Overfull \vbox (25.9061pt too high) detected at line 1222
 []


Overfull \vbox (26.9061pt too high) detected at line 1222
 []


Overfull \vbox (27.9061pt too high) detected at line 1222
 []


Overfull \vbox (28.9061pt too high) detected at line 1222
 []


Overfull \vbox (29.9061pt too high) detected at line 1222
 []


Overfull \vbox (30.9061pt too high) detected at line 1222
 []


Overfull \vbox (31.9061pt too high) detected at line 1222
 []


Overfull \vbox (32.9061pt too high) detected at line 1222
 []


Overfull \vbox (33.9061pt too high) detected at line 1222
 []


Overfull \vbox (34.9061pt too high) detected at line 1222
 []


Overfull \vbox (35.9061pt too high) detected at line 1222
 []


Overfull \vbox (36.9061pt too high) detected at line 1222
 []


Overfull \vbox (37.9061pt too high) detected at line 1222
 []


Overfull \vbox (38.9061pt too high) detected at line 1222
 []


Overfull \vbox (39.9061pt too high) detected at line 1222
 []


Overfull \vbox (40.9061pt too high) detected at line 1222
 []


Overfull \vbox (41.9061pt too high) detected at line 1222
 []


Overfull \vbox (42.9061pt too high) detected at line 1222
 []


Overfull \vbox (43.9061pt too high) detected at line 1222
 []


Overfull \vbox (44.9061pt too high) detected at line 1222
 []


Overfull \vbox (45.9061pt too high) detected at line 1222
 []


Overfull \vbox (46.9061pt too high) detected at line 1222
 []


Overfull \vbox (47.9061pt too high) detected at line 1222
 []


Overfull \vbox (48.9061pt too high) detected at line 1222
 []


Overfull \vbox (49.9061pt too high) detected at line 1222
 []


Overfull \vbox (50.9061pt too high) detected at line 1222
 []


Overfull \vbox (51.9061pt too high) detected at line 1222
 []


Overfull \vbox (52.9061pt too high) detected at line 1222
 []


Overfull \vbox (53.9061pt too high) detected at line 1222
 []


Overfull \vbox (54.9061pt too high) detected at line 1222
 []


Overfull \vbox (55.9061pt too high) detected at line 1222
 []


Overfull \vbox (56.9061pt too high) detected at line 1222
 []


Overfull \vbox (57.9061pt too high) detected at line 1222
 []


Overfull \vbox (58.9061pt too high) detected at line 1222
 []


Overfull \vbox (59.9061pt too high) detected at line 1222
 []


Overfull \vbox (60.9061pt too high) detected at line 1222
 []


Overfull \vbox (61.9061pt too high) detected at line 1222
 []


Overfull \vbox (62.9061pt too high) detected at line 1222
 []


Overfull \vbox (63.9061pt too high) detected at line 1222
 []


Overfull \vbox (64.9061pt too high) detected at line 1222
 []


Overfull \vbox (65.9061pt too high) detected at line 1222
 []


Overfull \vbox (66.9061pt too high) detected at line 1222
 []


Overfull \vbox (67.9061pt too high) detected at line 1222
 []


Overfull \vbox (68.9061pt too high) detected at line 1222
 []


Overfull \vbox (69.9061pt too high) detected at line 1222
 []


Overfull \vbox (70.9061pt too high) detected at line 1222
 []


Overfull \vbox (71.9061pt too high) detected at line 1222
 []


Overfull \vbox (72.9061pt too high) detected at line 1222
 []


Overfull \vbox (73.9061pt too high) detected at line 1222
 []


Overfull \vbox (74.9061pt too high) detected at line 1222
 []


Overfull \vbox (75.9061pt too high) detected at line 1222
 []


Overfull \vbox (76.9061pt too high) detected at line 1222
 []


Overfull \vbox (77.9061pt too high) detected at line 1222
 []


Overfull \vbox (78.9061pt too high) detected at line 1222
 []


Overfull \vbox (79.9061pt too high) detected at line 1222
 []


Overfull \vbox (80.9061pt too high) detected at line 1222
 []


Overfull \vbox (81.9061pt too high) detected at line 1222
 []


Overfull \vbox (82.9061pt too high) detected at line 1222
 []


Overfull \vbox (83.9061pt too high) detected at line 1222
 []


Overfull \vbox (84.9061pt too high) detected at line 1222
 []


Overfull \vbox (85.9061pt too high) detected at line 1222
 []


Overfull \vbox (86.9061pt too high) detected at line 1222
 []


Overfull \vbox (87.9061pt too high) detected at line 1222
 []


Overfull \vbox (88.9061pt too high) detected at line 1222
 []


Overfull \vbox (89.9061pt too high) detected at line 1222
 []


Overfull \vbox (90.9061pt too high) detected at line 1222
 []


Overfull \vbox (91.9061pt too high) detected at line 1222
 []


Overfull \vbox (92.9061pt too high) detected at line 1222
 []


Overfull \vbox (93.9061pt too high) detected at line 1222
 []


Overfull \vbox (94.9061pt too high) detected at line 1222
 []


Overfull \vbox (95.9061pt too high) detected at line 1222
 []


Overfull \vbox (96.9061pt too high) detected at line 1222
 []


Overfull \vbox (97.9061pt too high) detected at line 1222
 []


Overfull \vbox (98.9061pt too high) detected at line 1222
 []


Overfull \vbox (99.9061pt too high) detected at line 1222
 []


Overfull \vbox (100.9061pt too high) detected at line 1222
 []


Overfull \vbox (101.9061pt too high) detected at line 1222
 []


Overfull \vbox (102.9061pt too high) detected at line 1222
 []


Overfull \vbox (103.9061pt too high) detected at line 1222
 []


Overfull \vbox (104.9061pt too high) detected at line 1222
 []


Overfull \vbox (105.9061pt too high) detected at line 1222
 []


Overfull \vbox (106.9061pt too high) detected at line 1222
 []


Overfull \vbox (107.9061pt too high) detected at line 1222
 []


Overfull \vbox (108.9061pt too high) detected at line 1222
 []


Overfull \vbox (109.9061pt too high) detected at line 1222
 []


Overfull \vbox (110.9061pt too high) detected at line 1222
 []


Overfull \vbox (111.9061pt too high) detected at line 1222
 []


Overfull \vbox (112.9061pt too high) detected at line 1222
 []


Overfull \vbox (113.9061pt too high) detected at line 1222
 []


Overfull \vbox (114.9061pt too high) detected at line 1222
 []


Overfull \vbox (115.9061pt too high) detected at line 1222
 []


Overfull \vbox (116.9061pt too high) detected at line 1222
 []


Overfull \vbox (117.9061pt too high) detected at line 1222
 []


Overfull \vbox (118.9061pt too high) detected at line 1222
 []


Overfull \vbox (119.9061pt too high) detected at line 1222
 []


Package mdframed Warning: correct box splittet fails
 It seems you are using a non splittable contents
(mdframed)                 on input line 1222.

Package mdframed Info: You first box width is to small
 mdframed fixed it
(mdframed)              on input line 1222.
[22]
Underfull \hbox (badness 10000) in paragraph at lines 1225--1226

 []

Package mdframed Info: mdframed detected package amsthm 
 changed the theorem header of amsthm
(mdframed)              on input line 1228.

Underfull \hbox (badness 10000) in paragraph at lines 1231--1232

 []

[23] [24]
Package mdframed Info: mdframed detected package amsthm 
 changed the theorem header of amsthm
(mdframed)              on input line 1374.

Underfull \hbox (badness 10000) in paragraph at lines 1388--1389

 []


Underfull \hbox (badness 10000) in paragraph at lines 1390--1392

 []

[25]
Package mdframed Info: mdframed detected package amsthm 
 changed the theorem header of amsthm
(mdframed)              on input line 1398.

Underfull \hbox (badness 10000) in paragraph at lines 1429--1431

 []

[26]
Package mdframed Info: mdframed detected package amsthm 
 changed the theorem header of amsthm
(mdframed)              on input line 1433.
<parth31.png, id=122, 854.2314pt x 569.4876pt>
File: parth31.png Graphic file (type png)
<use parth31.png>
Package pdftex.def Info: parth31.png  used on input line 1437.
(pdftex.def)             Requested size: 274.55197pt x 183.0305pt.
<parth32.png, id=123, 855.195pt x 569.4876pt>
File: parth32.png Graphic file (type png)
<use parth32.png>
Package pdftex.def Info: parth32.png  used on input line 1444.
(pdftex.def)             Requested size: 274.55197pt x 182.82196pt.
Package mdframed Info: Not enough space on this page on input line 1448.
Package mdframed Info: mdframed detected package amsthm 
 changed the theorem header of amsthm
(mdframed)              on input line 1450.

Underfull \hbox (badness 10000) in paragraph at lines 1451--1452

 []


Underfull \hbox (badness 10000) in paragraph at lines 1453--1454

 []

[27 <./parth31.png (PNG copy)> <./parth32.png (PNG copy)>]
(./Problem Set 2 Dylan Ashby.bbl) [28] (./Problem Set 2 Dylan Ashby.aux)
 ***********
LaTeX2e <2025-11-01>
L3 programming layer <2026-03-20>
 ***********
 ) 
Here is how much of TeX's memory you used:
 8627 strings out of 469263
 142721 string characters out of 5464811
 780456 words of memory out of 6000000
 37314 multiletter control sequences out of 15000+600000
 640563 words of font info for 87 fonts, out of 8000000 for 9000
 56 hyphenation exceptions out of 8191
 84i,28n,93p,941b,533s stack positions out of 10000i,1000n,20000p,200000b,200000s
</usr/share/texlive/texmf-dist/fonts/type1/public/amsfonts/cm/cmbsy10.pfb></u
sr/share/texlive/texmf-dist/fonts/type1/public/amsfonts/cm/cmbx10.pfb></usr/sha
re/texlive/texmf-dist/fonts/type1/public/amsfonts/cm/cmbx12.pfb></usr/share/tex
live/texmf-dist/fonts/type1/public/amsfonts/cm/cmex10.pfb></usr/share/texlive/t
exmf-dist/fonts/type1/public/amsfonts/cmextra/cmex7.pfb></usr/share/texlive/tex
mf-dist/fonts/type1/public/amsfonts/cmextra/cmex8.pfb></usr/share/texlive/texmf
-dist/fonts/type1/public/amsfonts/cm/cmmi10.pfb></usr/share/texlive/texmf-dist/
fonts/type1/public/amsfonts/cm/cmmi5.pfb></usr/share/texlive/texmf-dist/fonts/t
ype1/public/amsfonts/cm/cmmi6.pfb></usr/share/texlive/texmf-dist/fonts/type1/pu
blic/amsfonts/cm/cmmi7.pfb></usr/share/texlive/texmf-dist/fonts/type1/public/am
sfonts/cm/cmmi8.pfb></usr/share/texlive/texmf-dist/fonts/type1/public/amsfonts/
cm/cmmib10.pfb></usr/share/texlive/texmf-dist/fonts/type1/public/amsfonts/cmext
ra/cmmib5.pfb></usr/share/texlive/texmf-dist/fonts/type1/public/amsfonts/cmextr
a/cmmib7.pfb></usr/share/texlive/texmf-dist/fonts/type1/public/amsfonts/cmextra
/cmmib8.pfb></usr/share/texlive/texmf-dist/fonts/type1/public/amsfonts/cm/cmr10
.pfb></usr/share/texlive/texmf-dist/fonts/type1/public/amsfonts/cm/cmr12.pfb></
usr/share/texlive/texmf-dist/fonts/type1/public/amsfonts/cm/cmr17.pfb></usr/sha
re/texlive/texmf-dist/fonts/type1/public/amsfonts/cm/cmr5.pfb></usr/share/texli
ve/texmf-dist/fonts/type1/public/amsfonts/cm/cmr6.pfb></usr/share/texlive/texmf
-dist/fonts/type1/public/amsfonts/cm/cmr7.pfb></usr/share/texlive/texmf-dist/fo
nts/type1/public/amsfonts/cm/cmr8.pfb></usr/share/texlive/texmf-dist/fonts/type
1/public/amsfonts/cm/cmsy10.pfb></usr/share/texlive/texmf-dist/fonts/type1/publ
ic/amsfonts/cm/cmsy5.pfb></usr/share/texlive/texmf-dist/fonts/type1/public/amsf
onts/cm/cmsy7.pfb></usr/share/texlive/texmf-dist/fonts/type1/public/amsfonts/cm
/cmsy8.pfb></usr/share/texlive/texmf-dist/fonts/type1/public/amsfonts/cm/cmti10
.pfb></usr/share/texlive/texmf-dist/fonts/type1/public/amsfonts/symbols/msbm10.
pfb></usr/share/texlive/texmf-dist/fonts/type1/public/cm-super/sfrm1000.pfb>
Output written on "Problem Set 2 Dylan Ashby.pdf" (29 pages, 973378 bytes).
PDF statistics:
 252 PDF objects out of 1000 (max. 8388607)
 154 compressed objects within 2 object streams
 0 named destinations out of 1000 (max. 500000)
 31 words of extra memory for PDF output out of 10000 (max. 10000000)

